@file:Suppress(
  "RedundantVisibilityModifier",
  "RedundantUnitReturnType",
  "FunctionName",
  "PropertyName",
  "ObjectPropertyName",
  "MemberVisibilityCanBePrivate",
  "ConstantConditionIf",
  "CanBeParameter",
  "unused",
  "RemoveExplicitTypeArguments",
  "RedundantSuppression",
  "KotlinRedundantDiagnosticSuppress",
)

package io.github.ermadmi78.kobby.testcases.multifile.kobby.kotlin.entity

import io.github.ermadmi78.kobby.testcases.multifile.kobby.kotlin.GraphqlContext
import io.github.ermadmi78.kobby.testcases.multifile.kobby.kotlin.GraphqlDSL
import kotlin.Long
import kotlin.String
import kotlin.Suppress

public interface MyEvent {
  public val id: Long

  public val name: String?

  public fun __context(): GraphqlContext

  public fun MyEventProjection.__withCurrentProjection()
}

@GraphqlDSL
public interface MyEventProjection {
  public fun id()

  public fun name()

  public fun __minimize() {
  }
}
