@file:Suppress(
  "RedundantVisibilityModifier",
  "RedundantUnitReturnType",
  "FunctionName",
  "PropertyName",
  "ObjectPropertyName",
  "MemberVisibilityCanBePrivate",
  "ConstantConditionIf",
  "CanBeParameter",
  "unused",
  "RemoveExplicitTypeArguments",
  "RedundantSuppression",
  "KotlinRedundantDiagnosticSuppress",
)

package io.github.ermadmi78.kobby.testcases.serialization_customize.kobby.kotlin.dto.graphql

import io.github.ermadmi78.kobby.testcases.serialization_customize.kobby.kotlin.dto.SubscriptionDto
import kotlin.Suppress
import kotlin.collections.List
import kotlinx.serialization.Serializable
import kotlinx.serialization.json.JsonObject

@Serializable
public data class SimpleSubscriptionResult(
  public val `data`: SubscriptionDto? = null,
  public val errors: List<SimpleError>? = null,
  public val extensions: JsonObject? = null,
)
