@file:Suppress(
  "RedundantVisibilityModifier",
  "RedundantUnitReturnType",
  "FunctionName",
  "PropertyName",
  "ObjectPropertyName",
  "MemberVisibilityCanBePrivate",
  "ConstantConditionIf",
  "CanBeParameter",
  "unused",
  "RemoveExplicitTypeArguments",
  "RedundantSuppression",
  "KotlinRedundantDiagnosticSuppress",
)

package io.github.ermadmi78.kobby.testcases.mutable_cinema_serialization.kobby.kotlin.dto

import kotlin.Suppress

/**
 * Enum of available film genres
 */
public enum class Genre {
  /**
   * Drama
   */
  DRAMA,
  /**
   * Comedy
   */
  COMEDY,
  /**
   * Thriller
   */
  THRILLER,
  /**
   * Horror
   */
  HORROR,
}
