@file:Suppress(
  "RedundantVisibilityModifier",
  "RedundantUnitReturnType",
  "FunctionName",
  "PropertyName",
  "ObjectPropertyName",
  "MemberVisibilityCanBePrivate",
  "ConstantConditionIf",
  "CanBeParameter",
  "unused",
  "RemoveExplicitTypeArguments",
  "RedundantSuppression",
  "KotlinRedundantDiagnosticSuppress",
)

package io.github.ermadmi78.kobby.testcases.customize_jackson.kobby.kotlin.dto

import com.fasterxml.jackson.`annotation`.JsonCreator
import com.fasterxml.jackson.`annotation`.JsonInclude
import com.fasterxml.jackson.`annotation`.JsonTypeInfo
import com.fasterxml.jackson.`annotation`.JsonTypeName
import io.github.ermadmi78.kobby.testcases.customize_jackson.kobby.kotlin.CountryDSL
import kotlin.Suppress
import kotlin.Unit
import kotlin.also
import kotlin.apply
import kotlin.collections.List

@JsonTypeName(value = "Query")
@JsonTypeInfo(
  use = JsonTypeInfo.Id.NONE,
  include = JsonTypeInfo.As.EXISTING_PROPERTY,
  property = "_name",
  defaultImpl = QueryDto::class,
)
@JsonInclude(value = JsonInclude.Include.ALWAYS)
public data class QueryDto @JsonCreator constructor(
  public val countries: List<CountryDto>? = null,
)

public fun QueryDto.toBuilder(): QueryDtoBuilder = QueryDtoBuilder().also {
  it.countries = this.countries
}

public fun QueryDtoBuilder.toDto(): QueryDto = QueryDto(
  countries
)

public fun QueryDto(block: QueryDtoBuilder.() -> Unit): QueryDto =
    QueryDtoBuilder().apply(block).toDto()

public fun QueryDto.copy(block: QueryDtoBuilder.() -> Unit): QueryDto =
    toBuilder().apply(block).toDto()

@CountryDSL
public class QueryDtoBuilder {
  public var countries: List<CountryDto>? = null
}
