@file:Suppress(
  "RedundantVisibilityModifier",
  "RedundantUnitReturnType",
  "FunctionName",
  "PropertyName",
  "ObjectPropertyName",
  "MemberVisibilityCanBePrivate",
  "ConstantConditionIf",
  "CanBeParameter",
  "unused",
  "RemoveExplicitTypeArguments",
  "RedundantSuppression",
  "KotlinRedundantDiagnosticSuppress",
)

package io.github.ermadmi78.kobby.testcases.schema_exclude.kobby.kotlin.entity

import io.github.ermadmi78.kobby.testcases.schema_exclude.kobby.kotlin.GraphqlContext
import io.github.ermadmi78.kobby.testcases.schema_exclude.kobby.kotlin.GraphqlDSL
import kotlin.Suppress
import kotlin.Unit

public interface Subscription {
  public val countryCreated: Country

  public fun __context(): GraphqlContext

  public fun SubscriptionProjection.__withCurrentProjection()
}

@GraphqlDSL
public interface SubscriptionProjection {
  public fun countryCreated(__projection: CountryProjection.() -> Unit)

  public fun __minimize() {
  }
}
