@file:Suppress(
  "RedundantVisibilityModifier",
  "RedundantUnitReturnType",
  "FunctionName",
  "PropertyName",
  "ObjectPropertyName",
  "MemberVisibilityCanBePrivate",
  "ConstantConditionIf",
  "CanBeParameter",
  "unused",
  "RemoveExplicitTypeArguments",
  "RedundantSuppression",
  "KotlinRedundantDiagnosticSuppress",
)

package io.github.ermadmi78.kobby.testcases.multioverride.kobby.kotlin.entity

import io.github.ermadmi78.kobby.testcases.multioverride.kobby.kotlin.MultiOverrideContext
import io.github.ermadmi78.kobby.testcases.multioverride.kobby.kotlin.MultiOverrideDSL
import kotlin.Int
import kotlin.String
import kotlin.Suppress
import kotlin.Unit

public interface InterfaceMultiOverride : InterfaceBase1, InterfaceBase2 {
  override val noOverride1: String

  override val noOverride2: String

  override val interfaceMultiOverride: String

  override fun __context(): MultiOverrideContext
}

@MultiOverrideDSL
public interface InterfaceMultiOverrideProjection : InterfaceBase1Projection,
    InterfaceBase2Projection {
  override fun noOverride1(size: Int?)

  override fun noOverride2(size: Int?)

  override fun interfaceMultiOverride(size: Int?)

  override fun __minimize() {
  }
}

@MultiOverrideDSL
public interface InterfaceMultiOverrideQualification {
  public
      fun __onInterfaceMultiOverrideImplementation(__projection: InterfaceMultiOverrideImplementationProjection.() -> Unit)
}

@MultiOverrideDSL
public interface InterfaceMultiOverrideQualifiedProjection : InterfaceMultiOverrideProjection,
    InterfaceMultiOverrideQualification
