@file:Suppress(
  "RedundantVisibilityModifier",
  "RedundantUnitReturnType",
  "FunctionName",
  "PropertyName",
  "ObjectPropertyName",
  "MemberVisibilityCanBePrivate",
  "ConstantConditionIf",
  "CanBeParameter",
  "unused",
  "RemoveExplicitTypeArguments",
  "RedundantSuppression",
  "KotlinRedundantDiagnosticSuppress",
)

package io.github.ermadmi78.kobby.testcases.escape.kobby.kotlin.dto.graphql

import io.github.ermadmi78.kobby.testcases.escape.kobby.kotlin.dto.MutationDto
import kotlin.Any
import kotlin.String
import kotlin.Suppress
import kotlin.collections.List
import kotlin.collections.Map

public class EscapeMutationException(
  message: String,
  request: EscapeRequest,
  errors: List<EscapeError>? = null,
  extensions: Map<String, Any?>? = null,
  public val `data`: MutationDto? = null,
) : EscapeException(message, request, errors, extensions)
