@file:Suppress(
  "RedundantVisibilityModifier",
  "RedundantUnitReturnType",
  "FunctionName",
  "PropertyName",
  "ObjectPropertyName",
  "MemberVisibilityCanBePrivate",
  "ConstantConditionIf",
  "CanBeParameter",
  "unused",
  "RemoveExplicitTypeArguments",
  "RedundantSuppression",
  "KotlinRedundantDiagnosticSuppress",
)

package io.github.ermadmi78.kobby.testcases.invalid_field_is_requred.kobby.kotlin.dto.graphql

import kotlin.Any
import kotlin.RuntimeException
import kotlin.String
import kotlin.Suppress
import kotlin.collections.List
import kotlin.collections.Map
import kotlin.collections.joinToString

public open class InvalidFieldIsRequredException(
  message: String,
  public val request: InvalidFieldIsRequredRequest,
  public val errors: List<InvalidFieldIsRequredError>? = null,
  public val extensions: Map<String, Any?>? = null,
) : RuntimeException(message + (errors?.joinToString(",\n  ", "\n  ", "\n") { it.toString() } ?:
    ""))
