@file:Suppress(
  "RedundantVisibilityModifier",
  "RedundantUnitReturnType",
  "FunctionName",
  "PropertyName",
  "ObjectPropertyName",
  "MemberVisibilityCanBePrivate",
  "ConstantConditionIf",
  "CanBeParameter",
  "unused",
  "RemoveExplicitTypeArguments",
  "RedundantSuppression",
  "KotlinRedundantDiagnosticSuppress",
)

package my.root.dto1

import com.fasterxml.jackson.`annotation`.JsonInclude
import com.fasterxml.jackson.`annotation`.JsonTypeInfo
import com.fasterxml.jackson.`annotation`.JsonTypeName
import kotlin.Suppress
import kotlin.Unit
import kotlin.also
import kotlin.apply
import kotlin.collections.List
import my.root.ctx.PrefCtxDSLPostCtx

@JsonTypeName(value = "MyQuery")
@JsonTypeInfo(
  use = JsonTypeInfo.Id.NAME,
  include = JsonTypeInfo.As.PROPERTY,
  property = "__typename",
  defaultImpl = DPrefMyQueryDPost::class,
)
@JsonInclude(value = JsonInclude.Include.NON_ABSENT)
public data class DPrefMyQueryDPost(
  public val country: DPrefCountryDPost? = null,
  public val countries: List<DPrefCountryDPost>? = null,
  public val film: DPrefFilmDPost? = null,
  public val films: List<DPrefFilmDPost>? = null,
  public val actor: DPrefActorDPost? = null,
  public val actors: List<DPrefActorDPost>? = null,
)

public fun DPrefMyQueryDPost.myBuilder1(): BPrefDPrefMyQueryDPostBPost =
    BPrefDPrefMyQueryDPostBPost().also {
  it.country = this.country
  it.countries = this.countries
  it.film = this.film
  it.films = this.films
  it.actor = this.actor
  it.actors = this.actors
}

public fun BPrefDPrefMyQueryDPostBPost.myDto2(): DPrefMyQueryDPost = DPrefMyQueryDPost(
  country,
  countries,
  film,
  films,
  actor,
  actors
)

public fun DPrefMyQueryDPost(block: BPrefDPrefMyQueryDPostBPost.() -> Unit): DPrefMyQueryDPost =
    BPrefDPrefMyQueryDPostBPost().apply(block).myDto2()

public fun DPrefMyQueryDPost.replicate(block: BPrefDPrefMyQueryDPostBPost.() -> Unit):
    DPrefMyQueryDPost = myBuilder1().apply(block).myDto2()

@PrefCtxDSLPostCtx
public class BPrefDPrefMyQueryDPostBPost {
  public var country: DPrefCountryDPost? = null

  public var countries: List<DPrefCountryDPost>? = null

  public var film: DPrefFilmDPost? = null

  public var films: List<DPrefFilmDPost>? = null

  public var actor: DPrefActorDPost? = null

  public var actors: List<DPrefActorDPost>? = null
}
