@file:Suppress(
  "RedundantVisibilityModifier",
  "RedundantUnitReturnType",
  "FunctionName",
  "PropertyName",
  "ObjectPropertyName",
  "MemberVisibilityCanBePrivate",
  "ConstantConditionIf",
  "CanBeParameter",
  "unused",
  "RemoveExplicitTypeArguments",
  "RedundantSuppression",
  "KotlinRedundantDiagnosticSuppress",
)

package my.root.dto1

import com.fasterxml.jackson.`annotation`.JsonInclude
import kotlin.String
import kotlin.Suppress
import kotlin.Unit
import kotlin.also
import kotlin.apply
import kotlin.error
import my.root.ctx.PrefCtxDSLPostCtx

@JsonInclude(value = JsonInclude.Include.NON_ABSENT)
public data class IPrefFilmInputIPost(
  public val title: String,
  /**
   * Default: DRAMA
   */
  public val genre: EPrefGenreEPost = EPrefGenreEPost.DRAMA,
)

public fun IPrefFilmInputIPost.myBuilder1(): BPrefIPrefFilmInputIPostBPost =
    BPrefIPrefFilmInputIPostBPost().also {
  it.title = this.title
  it.genre = this.genre
}

public fun BPrefIPrefFilmInputIPostBPost.myInput3(): IPrefFilmInputIPost = IPrefFilmInputIPost(
  title ?: error("IPrefFilmInputIPost: 'title' must not be null"),
  genre
)

public fun IPrefFilmInputIPost(block: BPrefIPrefFilmInputIPostBPost.() -> Unit): IPrefFilmInputIPost
    = BPrefIPrefFilmInputIPostBPost().apply(block).myInput3()

public fun IPrefFilmInputIPost.replicate(block: BPrefIPrefFilmInputIPostBPost.() -> Unit):
    IPrefFilmInputIPost = myBuilder1().apply(block).myInput3()

@PrefCtxDSLPostCtx
public class BPrefIPrefFilmInputIPostBPost {
  public var title: String? = null

  /**
   * Default: DRAMA
   */
  public var genre: EPrefGenreEPost = EPrefGenreEPost.DRAMA
}
