@file:Suppress(
  "RedundantVisibilityModifier",
  "RedundantUnitReturnType",
  "FunctionName",
  "PropertyName",
  "ObjectPropertyName",
  "MemberVisibilityCanBePrivate",
  "ConstantConditionIf",
  "CanBeParameter",
  "unused",
  "RemoveExplicitTypeArguments",
  "RedundantSuppression",
  "KotlinRedundantDiagnosticSuppress",
)

package io.github.ermadmi78.kobby.testcases.serialization_main.kobby.kotlin.dto.graphql

import kotlin.Suppress
import kotlin.collections.List
import kotlinx.serialization.Serializable

@Serializable
public data class CinemaErrorResult(
  public val errors: List<CinemaError>? = null,
)
