@file:Suppress(
  "RedundantVisibilityModifier",
  "RedundantUnitReturnType",
  "FunctionName",
  "PropertyName",
  "ObjectPropertyName",
  "MemberVisibilityCanBePrivate",
  "ConstantConditionIf",
  "CanBeParameter",
  "unused",
  "RemoveExplicitTypeArguments",
  "RedundantSuppression",
  "KotlinRedundantDiagnosticSuppress",
)

package my.root.en

import kotlin.Int
import kotlin.Long
import kotlin.String
import kotlin.Suppress
import kotlin.Unit
import kotlin.collections.List
import my.root.ctx.PrefCtxContextPostCtx
import my.root.ctx.PrefCtxDSLPostCtx
import my.root.dto1.EPrefGenderEPost
import my.root.dto1.EPrefGenreEPost

public interface PrefEnActorPostEn : PrefEnEntityPostEn, PrefEnNativePostEn {
  override val id: Long

  override val fields: String

  public val firstName: String

  public val lastName: String?

  public val gender: EPrefGenderEPost

  public val countryId: Long

  public val country: PrefEnCountryPostEn

  public val films: List<PrefEnFilmPostEn>

  override fun context(): PrefCtxContextPostCtx

  public fun PrePrActorPostPr.withCurrentProjection()
}

@PrefCtxDSLPostCtx
public interface PrePrActorPostPr : PrePrEntityPostPr, PrePrNativePostPr {
  override fun withPrFieldsWithPo(selection: PreSelEntityFieldsPostSel.() -> Unit)

  public fun withoutPrFirstNameWithoutPo()

  public fun withoutPrLastNameWithoutPo()

  public fun withPrGenderWithPo()

  public fun withPrCountryWithPo(projection: PrePrCountryPostPr.() -> Unit = {})

  public fun withPrFilmsWithPo(query: PreQrActorFilmsPostQr.() -> Unit = {})

  override fun minimize() {
    withoutPrFirstNameWithoutPo()
    withoutPrLastNameWithoutPo()
  }
}

@PrefCtxDSLPostCtx
public interface PreSelActorFilmsPostSel {
  public var title: String?

  public var genre: EPrefGenreEPost?

  /**
   * Default: 10
   */
  public var limit: Int?

  /**
   * Default: 0
   */
  public var offset: Int?
}

@PrefCtxDSLPostCtx
public interface PreQrActorFilmsPostQr : PreSelActorFilmsPostSel, PrePrFilmPostPr
