@file:Suppress(
  "RedundantVisibilityModifier",
  "RedundantUnitReturnType",
  "FunctionName",
  "PropertyName",
  "ObjectPropertyName",
  "MemberVisibilityCanBePrivate",
  "ConstantConditionIf",
  "CanBeParameter",
  "unused",
  "RemoveExplicitTypeArguments",
  "RedundantSuppression",
  "KotlinRedundantDiagnosticSuppress",
)

package io.github.ermadmi78.kobby.testcases.simple.kobby.kotlin.dto.graphql

import io.github.ermadmi78.kobby.testcases.simple.kobby.kotlin.dto.MutationDto
import kotlin.Any
import kotlin.String
import kotlin.Suppress
import kotlin.collections.List
import kotlin.collections.Map

public data class MismatchMutationResult(
  public val `data`: MutationDto? = null,
  public val errors: List<MismatchError>? = null,
  public val extensions: Map<String, Any?>? = null,
)
