@file:Suppress(
  "RedundantVisibilityModifier",
  "RedundantUnitReturnType",
  "FunctionName",
  "PropertyName",
  "ObjectPropertyName",
  "MemberVisibilityCanBePrivate",
  "ConstantConditionIf",
  "CanBeParameter",
  "unused",
  "RemoveExplicitTypeArguments",
  "RedundantSuppression",
  "KotlinRedundantDiagnosticSuppress",
)

package io.github.ermadmi78.kobby.testcases.simple.kobby.kotlin.entity.`impl`

import io.github.ermadmi78.kobby.testcases.simple.kobby.kotlin.SimpleContext
import io.github.ermadmi78.kobby.testcases.simple.kobby.kotlin.dto.SimpleDto
import io.github.ermadmi78.kobby.testcases.simple.kobby.kotlin.entity.Simple
import io.github.ermadmi78.kobby.testcases.simple.kobby.kotlin.entity.SimpleProjection
import kotlin.Any
import kotlin.Boolean
import kotlin.Long
import kotlin.String
import kotlin.Suppress
import kotlin.collections.MutableMap
import kotlin.collections.Set
import kotlin.collections.setOf
import kotlin.error
import kotlin.text.StringBuilder
import kotlin.text.buildString

internal class SimpleImpl(
  internal val __innerContext: SimpleContext,
  internal val __innerProjection: SimpleProjectionImpl,
  internal val __innerDto: SimpleDto,
) : Simple {
  override val id: Long
    get() {
      if (!__innerProjection.__innerId0) {
        error("Property [id] is not available - add [id] projection to switch on it")
      }
      return __innerDto.id!!
    }

  override val name: String
    get() {
      if (!__innerProjection.__innerName1) {
        error("Property [name] is not available - add [name] projection to switch on it")
      }
      return __innerDto.name!!
    }

  @Suppress("UNUSED_PARAMETER", "UNUSED_CHANGED_VALUE", "KotlinConstantConditions")
  override fun toString(): String = buildString {
    append("Simple").append('(')

    var counter = 0

    if (__innerProjection.__innerId0) {
      if (counter++ > 0) {
        append(", ")
      }
      append("id").append('=').append(id)
    }

    if (__innerProjection.__innerName1) {
      if (counter++ > 0) {
        append(", ")
      }
      append("name").append('=').append(name)
    }

    append(')')
  }

  override fun __context(): SimpleContext = __innerContext

  override fun SimpleProjection.__withCurrentProjection() {
    __innerProjection.___innerRepeatProjection(setOf(), this)
  }
}

internal open class SimpleProjectionImpl : SimpleProjection {
  internal var __innerId0: Boolean = false

  internal var __innerName1: Boolean = false

  override fun id() {
    __innerId0 = true
  }

  override fun name() {
    __innerName1 = true
  }

  @Suppress("UNUSED_PARAMETER", "UNUSED_CHANGED_VALUE", "KotlinConstantConditions")
  internal fun ___innerRepeatProjection(ignore: Set<String>, __projection: SimpleProjection) {
    if ("id" !in ignore && __innerId0) {
      __projection.id()
    }
    if ("name" !in ignore && __innerName1) {
      __projection.name()
    }
  }

  /**
   * Projection builder function
   */
  @Suppress("UNUSED_PARAMETER", "UNUSED_CHANGED_VALUE", "KotlinConstantConditions")
  internal fun ___innerBuild(
    ignore: Set<String>,
    `header`: StringBuilder,
    body: StringBuilder,
    arguments: MutableMap<String, Any>,
  ) {
    body.append(' ').append('{')

    // Field: id
    if ("id" !in ignore && __innerId0) {
      body.append(' ').append("id")
    }

    // Field: name
    if ("name" !in ignore && __innerName1) {
      body.append(' ').append("name")
    }

    body.append(' ').append('}')
  }
}

internal fun SimpleDto.buildEntity(__innerContext: SimpleContext,
    __innerProjection: SimpleProjectionImpl): Simple =
    SimpleImpl(__innerContext, __innerProjection, this)
