@file:Suppress(
  "RedundantVisibilityModifier",
  "RedundantUnitReturnType",
  "FunctionName",
  "PropertyName",
  "ObjectPropertyName",
  "MemberVisibilityCanBePrivate",
  "ConstantConditionIf",
  "CanBeParameter",
  "unused",
  "RemoveExplicitTypeArguments",
  "RedundantSuppression",
  "KotlinRedundantDiagnosticSuppress",
)

package io.github.ermadmi78.kobby.testcases.mutable_cinema_serialization.kobby.kotlin.entity

import io.github.ermadmi78.kobby.testcases.mutable_cinema_serialization.kobby.kotlin.CinemaContext
import io.github.ermadmi78.kobby.testcases.mutable_cinema_serialization.kobby.kotlin.CinemaDSL
import kotlin.Long
import kotlin.Suppress
import kotlin.Unit
import kotlin.collections.List
import kotlinx.serialization.json.JsonObject

/**
 * Entity with tags.
 * Introduced for testing complex inheritance.
 */
public interface Taggable : Entity {
  /**
   * Unique identifier of entity
   */
  public override val id: Long

  /**
   * Fields of entity in key-value map.
   * Introduced for testing complex scalars.
   */
  public override val fields: JsonObject

  /**
   * Tags of entity
   */
  public val tags: List<Tag>

  public override fun __context(): CinemaContext
}

/**
 * Entity with tags.
 * Introduced for testing complex inheritance.
 */
@CinemaDSL
public interface TaggableProjection : EntityProjection {
  /**
   * Fields of entity in key-value map.
   * Introduced for testing complex scalars.
   */
  public override fun fields(__selection: EntityFieldsSelection.() -> Unit): Unit

  /**
   * Tags of entity
   */
  public fun tags(__projection: TagProjection.() -> Unit): Unit

  public override fun __minimize(): Unit {
  }
}

/**
 * Entity with tags.
 * Introduced for testing complex inheritance.
 */
@CinemaDSL
public interface TaggableQualification {
  /**
   * Film entity.
   * The film belongs to one country and can be played by several actors.
   */
  public fun __onFilm(__projection: FilmProjection.() -> Unit = {}): Unit

  /**
   * Actor entity.
   * The actor belongs to one country and can play in several films.
   */
  public fun __onActor(__projection: ActorProjection.() -> Unit = {}): Unit
}

/**
 * Entity with tags.
 * Introduced for testing complex inheritance.
 */
@CinemaDSL
public interface TaggableQualifiedProjection : TaggableProjection, TaggableQualification
