@file:Suppress(
  "RedundantVisibilityModifier",
  "RedundantUnitReturnType",
  "FunctionName",
  "PropertyName",
  "ObjectPropertyName",
  "MemberVisibilityCanBePrivate",
  "ConstantConditionIf",
  "CanBeParameter",
  "unused",
  "RemoveExplicitTypeArguments",
  "RedundantSuppression",
  "KotlinRedundantDiagnosticSuppress",
)

package io.github.ermadmi78.kobby.testcases.multifile.kobby.kotlin.dto

import com.fasterxml.jackson.`annotation`.JsonCreator
import com.fasterxml.jackson.`annotation`.JsonInclude
import com.fasterxml.jackson.`annotation`.JsonTypeInfo
import com.fasterxml.jackson.`annotation`.JsonTypeName
import io.github.ermadmi78.kobby.testcases.multifile.kobby.kotlin.GraphqlDSL
import kotlin.Boolean
import kotlin.Suppress
import kotlin.Unit
import kotlin.also
import kotlin.apply

@JsonTypeName(value = "MyMutation")
@JsonTypeInfo(
  use = JsonTypeInfo.Id.NAME,
  include = JsonTypeInfo.As.PROPERTY,
  property = "__typename",
  defaultImpl = MyMutationDto::class,
)
@JsonInclude(value = JsonInclude.Include.NON_ABSENT)
public data class MyMutationDto @JsonCreator constructor(
  public val insert: Boolean? = null,
)

public fun MyMutationDto.toBuilder(): MyMutationDtoBuilder = MyMutationDtoBuilder().also {
  it.insert = this.insert
}

public fun MyMutationDtoBuilder.toDto(): MyMutationDto = MyMutationDto(
  insert
)

public fun MyMutationDto(block: MyMutationDtoBuilder.() -> Unit): MyMutationDto =
    MyMutationDtoBuilder().apply(block).toDto()

public fun MyMutationDto.copy(block: MyMutationDtoBuilder.() -> Unit): MyMutationDto =
    toBuilder().apply(block).toDto()

@GraphqlDSL
public class MyMutationDtoBuilder {
  public var insert: Boolean? = null
}
