@file:Suppress(
  "RedundantVisibilityModifier",
  "RedundantUnitReturnType",
  "FunctionName",
  "PropertyName",
  "ObjectPropertyName",
  "MemberVisibilityCanBePrivate",
  "ConstantConditionIf",
  "CanBeParameter",
  "unused",
  "RemoveExplicitTypeArguments",
  "RedundantSuppression",
  "KotlinRedundantDiagnosticSuppress",
)

package io.github.ermadmi78.kobby.testcases.adapter_extended_api.kobby.kotlin.dto

import io.github.ermadmi78.kobby.testcases.adapter_extended_api.kobby.kotlin.CountryDSL
import kotlin.Suppress
import kotlin.Unit
import kotlin.also
import kotlin.apply
import kotlin.collections.List
import kotlinx.serialization.SerialName
import kotlinx.serialization.Serializable

@Serializable
@SerialName("Query")
public data class QueryDto(
  public val countries: List<CountryDto>? = null,
)

public fun QueryDto.toBuilder(): QueryDtoBuilder = QueryDtoBuilder().also {
  it.countries = this.countries
}

public fun QueryDtoBuilder.toDto(): QueryDto = QueryDto(
  countries
)

public fun QueryDto(block: QueryDtoBuilder.() -> Unit): QueryDto =
    QueryDtoBuilder().apply(block).toDto()

public fun QueryDto.copy(block: QueryDtoBuilder.() -> Unit): QueryDto =
    toBuilder().apply(block).toDto()

@CountryDSL
public class QueryDtoBuilder {
  public var countries: List<CountryDto>? = null
}
