@file:Suppress(
  "RedundantVisibilityModifier",
  "RedundantUnitReturnType",
  "FunctionName",
  "PropertyName",
  "ObjectPropertyName",
  "MemberVisibilityCanBePrivate",
  "ConstantConditionIf",
  "CanBeParameter",
  "unused",
  "RemoveExplicitTypeArguments",
  "RedundantSuppression",
  "KotlinRedundantDiagnosticSuppress",
)

package io.github.ermadmi78.kobby.testcases.disable_ktor_composite.kobby.kotlin.adapter.ktor

import io.github.ermadmi78.kobby.testcases.disable_ktor_composite.kobby.kotlin.CountryAdapter
import io.github.ermadmi78.kobby.testcases.disable_ktor_composite.kobby.kotlin.dto.MutationDto
import io.github.ermadmi78.kobby.testcases.disable_ktor_composite.kobby.kotlin.dto.QueryDto
import io.github.ermadmi78.kobby.testcases.disable_ktor_composite.kobby.kotlin.dto.graphql.CountryException
import io.github.ermadmi78.kobby.testcases.disable_ktor_composite.kobby.kotlin.dto.graphql.CountryMutationResult
import io.github.ermadmi78.kobby.testcases.disable_ktor_composite.kobby.kotlin.dto.graphql.CountryQueryResult
import io.github.ermadmi78.kobby.testcases.disable_ktor_composite.kobby.kotlin.dto.graphql.CountryRequest
import io.ktor.client.HttpClient
import io.ktor.client.call.body
import io.ktor.client.request.post
import io.ktor.client.request.setBody
import io.ktor.client.request.url
import io.ktor.http.ContentType
import io.ktor.http.contentType
import kotlin.Any
import kotlin.String
import kotlin.Suppress
import kotlin.Unit
import kotlin.also
import kotlin.collections.Map
import kotlin.collections.isNotEmpty
import kotlin.collections.mapOf
import kotlin.let
import kotlin.takeIf

public open class CountrySimpleKtorAdapter(
  protected val client: HttpClient,
  protected val url: String? = null,
  protected val headers: suspend () -> Map<String, String> = { mapOf<String, String>() },
  protected val listener: (CountryRequest) -> Unit = {},
) : CountryAdapter {
  override suspend fun executeQuery(query: String, variables: Map<String, Any?>): QueryDto {
    val request = CountryRequest(query, variables)
    listener(request)

    val httpHeaders: Map<String, String> = headers()
    val result = client.post {
      setBody<CountryRequest>(request)
      contentType(ContentType.Application.Json)
      this@CountrySimpleKtorAdapter.url?.also {
        url(it)
      }
      for (element in httpHeaders) {
        headers[element.key] = element.value
      }
    }
    .body<CountryQueryResult>()

    result.errors?.takeIf { it.isNotEmpty() }?.let {
      throw CountryException("GraphQL query failed", request, it)
    }
    return result.data ?: throw CountryException(
          "GraphQL query completes successfully but returns no data",
          request
        )
  }

  override suspend fun executeMutation(query: String, variables: Map<String, Any?>): MutationDto {
    val request = CountryRequest(query, variables)
    listener(request)

    val httpHeaders: Map<String, String> = headers()
    val result = client.post {
      setBody<CountryRequest>(request)
      contentType(ContentType.Application.Json)
      this@CountrySimpleKtorAdapter.url?.also {
        url(it)
      }
      for (element in httpHeaders) {
        headers[element.key] = element.value
      }
    }
    .body<CountryMutationResult>()

    result.errors?.takeIf { it.isNotEmpty() }?.let {
      throw CountryException("GraphQL mutation failed", request, it)
    }
    return result.data ?: throw CountryException(
          "GraphQL mutation completes successfully but returns no data",
          request
        )
  }
}
